SCORED unitree_g1_pack_camera/case1 PSNR=32.466923011207854dB frames=176
SCORED unitree_g1_pack_camera/case2 PSNR=37.250975250411244dB frames=176
SCORED unitree_g1_pack_camera/case3 PSNR=36.49345804814016dB frames=176
SCORED unitree_g1_pack_camera/case4 PSNR=27.070648149684086dB frames=176
SCORED unitree_z1_dual_arm_cleanup_pencils/case1 PSNR=39.361982688364606dB frames=128
SCORED unitree_z1_dual_arm_cleanup_pencils/case2 PSNR=44.827720016961294dB frames=128
SCORED unitree_z1_dual_arm_cleanup_pencils/case3 PSNR=32.19789473971798dB frames=128
SCORED unitree_z1_dual_arm_cleanup_pencils/case4 PSNR=45.335319828184026dB frames=128
SCORED unitree_z1_dual_arm_stackbox/case1 PSNR=42.368645441080766dB frames=112
SCORED unitree_z1_dual_arm_stackbox/case2 PSNR=41.5710482475025dB frames=112
SCORED unitree_z1_dual_arm_stackbox/case3 PSNR=38.7157824184718dB frames=112
SCORED unitree_z1_dual_arm_stackbox/case4 PSNR=39.32772976582968dB frames=112
SCORED unitree_z1_dual_arm_stackbox_v2/case1 PSNR=25.12008483689618dB frames=176
SCORED unitree_z1_dual_arm_stackbox_v2/case2 PSNR=25.48078808530117dB frames=176
SCORED unitree_z1_dual_arm_stackbox_v2/case3 PSNR=29.624994197995917dB frames=176
SCORED unitree_z1_dual_arm_stackbox_v2/case4 PSNR=25.85968841464787dB frames=176
SCORED unitree_z1_stackbox/case1 PSNR=41.037908794180176dB frames=192
SCORED unitree_z1_stackbox/case2 PSNR=47.331308010420024dB frames=192
SCORED unitree_z1_stackbox/case3 PSNR=40.51362334326052dB frames=192
SCORED unitree_z1_stackbox/case4 PSNR=48.86059244675971dB frames=192
